// Vitest Snapshot v1, https://vitest.dev/guide/snapshot.html

exports[`Snapshot 1: 4-team 8-round state hash matrix > produces a deterministic hash matrix that matches the stored snapshot 1`] = `
{
  "team-1": [
    "d265293a",
    "21d6980b",
    "cfd53eb1",
    "f1eecd12",
    "0c1e5682",
    "9890462c",
    "1703851d",
    "405cd073",
  ],
  "team-2": [
    "f0202375",
    "0ffd83c6",
    "a1df2a1e",
    "9926f9fd",
    "5350828b",
    "41e39445",
    "c26ac118",
    "95fb3036",
  ],
  "team-3": [
    "f0202375",
    "0ffd83c6",
    "a1df2a1e",
    "9926f9fd",
    "5350828b",
    "41e39445",
    "c26ac118",
    "95fb3036",
  ],
  "team-4": [
    "f0202375",
    "0ffd83c6",
    "a1df2a1e",
    "9926f9fd",
    "5350828b",
    "41e39445",
    "c26ac118",
    "95fb3036",
  ],
}
`;

exports[`Snapshot 2: Market state demand progression > produces deterministic demand history that matches the stored snapshot 1`] = `
[
  {
    "Active Lifestyle": 210000,
    "Budget": 721000,
    "Enthusiast": 156000,
    "General": 463500,
    "Professional": 81600,
    "round": 1,
  },
  {
    "Active Lifestyle": 220500,
    "Budget": 742630,
    "Enthusiast": 162240,
    "General": 477405,
    "Professional": 83232,
    "round": 2,
  },
  {
    "Active Lifestyle": 231525,
    "Budget": 764908.9,
    "Enthusiast": 168729.6,
    "General": 491727.15,
    "Professional": 84896.64,
    "round": 3,
  },
  {
    "Active Lifestyle": 243101.25,
    "Budget": 787856.167,
    "Enthusiast": 175478.784,
    "General": 506478.96450000006,
    "Professional": 86594.5728,
    "round": 4,
  },
  {
    "Active Lifestyle": 255256.3125,
    "Budget": 811491.85201,
    "Enthusiast": 182497.93536000003,
    "General": 521673.3334350001,
    "Professional": 88326.46425599999,
    "round": 5,
  },
]
`;

exports[`Snapshot 3: EPS progression for single team > produces deterministic EPS history that matches the stored snapshot 1`] = `
[
  {
    "eps": -0.0229208,
    "round": 1,
  },
  {
    "eps": -0.014944328636785038,
    "round": 2,
  },
  {
    "eps": -0.019035756131413114,
    "round": 3,
  },
  {
    "eps": -0.0004052139014022425,
    "round": 4,
  },
  {
    "eps": -0.011651040956454538,
    "round": 5,
  },
  {
    "eps": -0.024630274313469605,
    "round": 6,
  },
  {
    "eps": -0.05025112164601618,
    "round": 7,
  },
  {
    "eps": -0.06793076509638112,
    "round": 8,
  },
]
`;
