// Vitest Snapshot v1, https://vitest.dev/guide/snapshot.html

exports[`Regression Snapshots > L3-REGR-01: 4-team 8-round state hash matrix is stable 1`] = `
{
  "balanced": [
    "eac6c968",
    "d9783b67",
    "de471bd1",
    "69a0c3f3",
    "7826d714",
    "72085067",
    "683f7ac0",
    "e8441e46",
  ],
  "brand": [
    "eac6c968",
    "d9783b67",
    "de471bd1",
    "69a0c3f3",
    "7826d714",
    "72085067",
    "683f7ac0",
    "e8441e46",
  ],
  "costLeader": [
    "eac6c968",
    "d9783b67",
    "de471bd1",
    "69a0c3f3",
    "7826d714",
    "72085067",
    "683f7ac0",
    "e8441e46",
  ],
  "premium": [
    "049d1cf4",
    "d6ef71db",
    "c84e066d",
    "9fc8fd4f",
    "db4aa106",
    "05ad4435",
    "8d2599a9",
    "f43a7b6f",
  ],
}
`;

exports[`Regression Snapshots > L3-REGR-02: market demand progression is stable across 5 rounds 1`] = `
[
  {
    "Active Lifestyle": 206000,
    "Budget": 714000,
    "Enthusiast": 154500,
    "General": 459000,
    "Professional": 80800,
    "round": 1,
  },
  {
    "Active Lifestyle": 212180,
    "Budget": 728280,
    "Enthusiast": 159135,
    "General": 468180,
    "Professional": 81608,
    "round": 2,
  },
  {
    "Active Lifestyle": 218545.4,
    "Budget": 742845.6,
    "Enthusiast": 163909.05000000002,
    "General": 477543.60000000003,
    "Professional": 82424.08,
    "round": 3,
  },
  {
    "Active Lifestyle": 225101.762,
    "Budget": 757702.512,
    "Enthusiast": 168826.32150000002,
    "General": 487094.47200000007,
    "Professional": 83248.3208,
    "round": 4,
  },
  {
    "Active Lifestyle": 231854.81485999998,
    "Budget": 772856.56224,
    "Enthusiast": 173891.11114500003,
    "General": 496836.36144000007,
    "Professional": 84080.804008,
    "round": 5,
  },
]
`;
